{
  "id": "@integer@",
  "description": "Lorem ipsum",
  "createdAt": "@string@",
  "updatedAt": "@string@",
  "user": {
    "id": "@integer@",
    "email": "existing.user@email.com",
    "firstName": "John",
    "lastName": "Doe"
  }
}
