{
  "description": [
    "Description cannot be empty"
  ]
}
