{
  "description": [
    "Description cannot be longer than 2200 characters"
  ]
}
