{
  "id": "@integer@",
  "description": "Lorem ipsum updated",
  "createdAt": "@string@",
  "updatedAt": "@string@"
}
