{
  "password": [
    "Password have to be at least 8 characters long",
    "Password must contain latin letters only and at least: 1 lower letter, 1 upper letter, 1 special character and 1 number"
  ]
}
