{
  "email": [
    "Email cannot be empty"
  ],
  "password": [
    "Password cannot be empty"
  ]
}
