{
  "firstName": [
    "First name cannot be empty"
  ],
  "lastName": [
    "Last name cannot be empty"
  ]
}
