{
  "id": "@integer@",
  "email": "existing.user@email.com",
  "firstName": "John updated",
  "lastName": "Doe updated"
}
