{
  "content": [
    "Content cannot be empty"
  ]
}
