{
  "content": [
    "Content cannot be longer than 500 characters"
  ]
}
